Copyright 1986-2018 Xilinx, Inc. All Rights Reserved.
------------------------------------------------------------------------------------
| Tool Version : Vivado v.2018.3 (win64) Build 2405991 Thu Dec  6 23:38:27 MST 2018
| Date         : Tue Apr 23 20:20:38 2019
| Host         : ThinkPadT470p running 64-bit major release  (build 9200)
| Command      : report_control_sets -verbose -file VGA_RAM_control_sets_placed.rpt
| Design       : VGA_RAM
| Device       : xc7a100t
------------------------------------------------------------------------------------

Control Set Information

Table of Contents
-----------------
1. Summary
2. Histogram
3. Flip-Flop Distribution
4. Detailed Control Set Information

1. Summary
----------

+----------------------------------------------------------+-------+
|                          Status                          | Count |
+----------------------------------------------------------+-------+
| Number of unique control sets                            |   144 |
| Unused register locations in slices containing registers |   338 |
+----------------------------------------------------------+-------+


2. Histogram
------------

+--------+--------------+
| Fanout | Control Sets |
+--------+--------------+
|      1 |           16 |
|      4 |           17 |
|      5 |            1 |
|      6 |           17 |
|      7 |            8 |
|      8 |           24 |
|      9 |            1 |
|     11 |            1 |
|     12 |            2 |
|     13 |            1 |
|    16+ |           56 |
+--------+--------------+


3. Flip-Flop Distribution
-------------------------

+--------------+-----------------------+------------------------+-----------------+--------------+
| Clock Enable | Synchronous Set/Reset | Asynchronous Set/Reset | Total Registers | Total Slices |
+--------------+-----------------------+------------------------+-----------------+--------------+
| No           | No                    | No                     |           14788 |         3361 |
| No           | No                    | Yes                    |               0 |            0 |
| No           | Yes                   | No                     |            1344 |          383 |
| Yes          | No                    | No                     |             747 |          285 |
| Yes          | No                    | Yes                    |               0 |            0 |
| Yes          | Yes                   | No                     |              39 |           18 |
+--------------+-----------------------+------------------------+-----------------+--------------+


4. Detailed Control Set Information
-----------------------------------

+----------------+---------------------------------------------------------------------------+---------------------------------------------------------------------------------------------------------------------------------------------------+------------------+----------------+
|  Clock Signal  |                               Enable Signal                               |                                                                  Set/Reset Signal                                                                 | Slice Load Count | Bel Load Count |
+----------------+---------------------------------------------------------------------------+---------------------------------------------------------------------------------------------------------------------------------------------------+------------------+----------------+
|  CLK_IBUF_BUFG |                                                                           | Math_3D/div8/diver/U0/i_synth/DIV_OP.SPD.OP/EXP/STATE_DELAY/i_pipe/state_up[0]                                                                    |                1 |              1 |
|  CLK_IBUF_BUFG |                                                                           | Math_3D/div8/diver/U0/i_synth/DIV_OP.SPD.OP/EXP/COND_DET_A/EXP_DET_LUT.EXP_ALL_ONE_DEL/i_pipe/first_q                                             |                1 |              1 |
|  CLK_IBUF_BUFG |                                                                           | Math_3D/div4/diver/U0/i_synth/DIV_OP.SPD.OP/EXP/COND_DET_A/EXP_DET_LUT.EXP_ALL_ONE_DEL/i_pipe/first_q                                             |                1 |              1 |
|  CLK_IBUF_BUFG |                                                                           | Math_3D/div5/diver/U0/i_synth/DIV_OP.SPD.OP/EXP/COND_DET_A/EXP_DET_LUT.EXP_ALL_ONE_DEL/i_pipe/first_q                                             |                1 |              1 |
|  CLK_IBUF_BUFG |                                                                           | Math_3D/div3/diver/U0/i_synth/DIV_OP.SPD.OP/EXP/STATE_DELAY/i_pipe/state_up[0]                                                                    |                1 |              1 |
|  CLK_IBUF_BUFG |                                                                           | Math_3D/div4/diver/U0/i_synth/DIV_OP.SPD.OP/EXP/STATE_DELAY/i_pipe/state_up[0]                                                                    |                1 |              1 |
|  CLK_IBUF_BUFG |                                                                           | Math_3D/div7/diver/U0/i_synth/DIV_OP.SPD.OP/EXP/STATE_DELAY/i_pipe/state_up[0]                                                                    |                1 |              1 |
|  CLK_IBUF_BUFG |                                                                           | Math_3D/div5/diver/U0/i_synth/DIV_OP.SPD.OP/EXP/STATE_DELAY/i_pipe/state_up[0]                                                                    |                1 |              1 |
|  CLK_IBUF_BUFG |                                                                           | Math_3D/div6/diver/U0/i_synth/DIV_OP.SPD.OP/EXP/COND_DET_A/EXP_DET_LUT.EXP_ALL_ONE_DEL/i_pipe/first_q                                             |                1 |              1 |
|  CLK_IBUF_BUFG |                                                                           | Math_3D/div7/diver/U0/i_synth/DIV_OP.SPD.OP/EXP/COND_DET_A/EXP_DET_LUT.EXP_ALL_ONE_DEL/i_pipe/first_q                                             |                1 |              1 |
|  CLK_IBUF_BUFG |                                                                           | Math_3D/div1/diver/U0/i_synth/DIV_OP.SPD.OP/EXP/STATE_DELAY/i_pipe/state_up[0]                                                                    |                1 |              1 |
|  CLK_IBUF_BUFG |                                                                           | Math_3D/div6/diver/U0/i_synth/DIV_OP.SPD.OP/EXP/STATE_DELAY/i_pipe/state_up[0]                                                                    |                1 |              1 |
|  CLK_IBUF_BUFG |                                                                           | Math_3D/div1/diver/U0/i_synth/DIV_OP.SPD.OP/EXP/COND_DET_A/EXP_DET_LUT.EXP_ALL_ONE_DEL/i_pipe/first_q                                             |                1 |              1 |
|  CLK_IBUF_BUFG |                                                                           | Math_3D/div2/diver/U0/i_synth/DIV_OP.SPD.OP/EXP/COND_DET_A/EXP_DET_LUT.EXP_ALL_ONE_DEL/i_pipe/first_q                                             |                1 |              1 |
|  CLK_IBUF_BUFG |                                                                           | Math_3D/div2/diver/U0/i_synth/DIV_OP.SPD.OP/EXP/STATE_DELAY/i_pipe/state_up[0]                                                                    |                1 |              1 |
|  CLK_IBUF_BUFG |                                                                           | Math_3D/div3/diver/U0/i_synth/DIV_OP.SPD.OP/EXP/COND_DET_A/EXP_DET_LUT.EXP_ALL_ONE_DEL/i_pipe/first_q                                             |                1 |              1 |
|  CLK_IBUF_BUFG |                                                                           | Math_3D/div7/ff3/FloattoFixer/U0/i_synth/FLT_TO_FIX_OP.SPD.OP/ALIGN_SHIFT/MUX_LOOP[1].SKEW_DIST_DEL.DEL_DIST/i_pipe/opt_has_pipe.first_q_reg[1]_1 |                2 |              4 |
|  CLK_IBUF_BUFG |                                                                           | Math_3D/div6/ff3/FloattoFixer/U0/i_synth/FLT_TO_FIX_OP.SPD.OP/ALIGN_SHIFT/MUX_LOOP[1].SKEW_DIST_DEL.DEL_DIST/i_pipe/opt_has_pipe.first_q_reg[1]_0 |                3 |              4 |
|  CLK_IBUF_BUFG |                                                                           | Math_3D/div4/ff3/FloattoFixer/U0/i_synth/FLT_TO_FIX_OP.SPD.OP/ALIGN_SHIFT/MUX_LOOP[1].SKEW_DIST_DEL.DEL_DIST/i_pipe/opt_has_pipe.first_q_reg[1]_1 |                4 |              4 |
|  CLK_IBUF_BUFG |                                                                           | Math_3D/div2/ff3/FloattoFixer/U0/i_synth/FLT_TO_FIX_OP.SPD.OP/ALIGN_SHIFT/MUX_LOOP[1].SKEW_DIST_DEL.DEL_DIST/i_pipe/opt_has_pipe.first_q_reg[1]_0 |                1 |              4 |
|  CLK_IBUF_BUFG |                                                                           | Math_3D/div5/ff3/FloattoFixer/U0/i_synth/FLT_TO_FIX_OP.SPD.OP/ALIGN_SHIFT/MUX_LOOP[1].SKEW_DIST_DEL.DEL_DIST/i_pipe/opt_has_pipe.first_q_reg[1]_0 |                1 |              4 |
|  CLK_IBUF_BUFG |                                                                           | Math_3D/div6/ff3/FloattoFixer/U0/i_synth/FLT_TO_FIX_OP.SPD.OP/ALIGN_SHIFT/MUX_LOOP[1].SKEW_DIST_DEL.DEL_DIST/i_pipe/opt_has_pipe.first_q_reg[1]_1 |                1 |              4 |
|  CLK_IBUF_BUFG |                                                                           | Math_3D/div2/ff3/FloattoFixer/U0/i_synth/FLT_TO_FIX_OP.SPD.OP/ALIGN_SHIFT/MUX_LOOP[1].SKEW_DIST_DEL.DEL_DIST/i_pipe/opt_has_pipe.first_q_reg[1]_1 |                1 |              4 |
|  CLK_IBUF_BUFG |                                                                           | Math_3D/div1/ff3/FloattoFixer/U0/i_synth/FLT_TO_FIX_OP.SPD.OP/ALIGN_SHIFT/MUX_LOOP[1].SKEW_DIST_DEL.DEL_DIST/i_pipe/opt_has_pipe.first_q_reg[1]_0 |                2 |              4 |
|  CLK_IBUF_BUFG |                                                                           | Math_3D/div1/ff3/FloattoFixer/U0/i_synth/FLT_TO_FIX_OP.SPD.OP/ALIGN_SHIFT/MUX_LOOP[1].SKEW_DIST_DEL.DEL_DIST/i_pipe/opt_has_pipe.first_q_reg[1]_1 |                1 |              4 |
|  CLK_IBUF_BUFG | lineCount[3]_i_1_n_0                                                      |                                                                                                                                                   |                2 |              4 |
|  CLK_IBUF_BUFG |                                                                           | Math_3D/div5/ff3/FloattoFixer/U0/i_synth/FLT_TO_FIX_OP.SPD.OP/ALIGN_SHIFT/MUX_LOOP[1].SKEW_DIST_DEL.DEL_DIST/i_pipe/opt_has_pipe.first_q_reg[1]_1 |                1 |              4 |
|  CLK_IBUF_BUFG |                                                                           | Math_3D/div8/ff3/FloattoFixer/U0/i_synth/FLT_TO_FIX_OP.SPD.OP/ALIGN_SHIFT/MUX_LOOP[1].SKEW_DIST_DEL.DEL_DIST/i_pipe/opt_has_pipe.first_q_reg[1]_0 |                2 |              4 |
|  CLK_IBUF_BUFG |                                                                           | Math_3D/div7/ff3/FloattoFixer/U0/i_synth/FLT_TO_FIX_OP.SPD.OP/ALIGN_SHIFT/MUX_LOOP[1].SKEW_DIST_DEL.DEL_DIST/i_pipe/opt_has_pipe.first_q_reg[1]_0 |                2 |              4 |
|  CLK_IBUF_BUFG |                                                                           | Math_3D/div8/ff3/FloattoFixer/U0/i_synth/FLT_TO_FIX_OP.SPD.OP/ALIGN_SHIFT/MUX_LOOP[1].SKEW_DIST_DEL.DEL_DIST/i_pipe/opt_has_pipe.first_q_reg[1]_1 |                1 |              4 |
|  CLK_IBUF_BUFG |                                                                           | Math_3D/div3/ff3/FloattoFixer/U0/i_synth/FLT_TO_FIX_OP.SPD.OP/ALIGN_SHIFT/MUX_LOOP[1].SKEW_DIST_DEL.DEL_DIST/i_pipe/opt_has_pipe.first_q_reg[1]_1 |                2 |              4 |
|  CLK_IBUF_BUFG |                                                                           | Math_3D/div4/ff3/FloattoFixer/U0/i_synth/FLT_TO_FIX_OP.SPD.OP/ALIGN_SHIFT/MUX_LOOP[1].SKEW_DIST_DEL.DEL_DIST/i_pipe/opt_has_pipe.first_q_reg[1]_0 |                4 |              4 |
|  CLK_IBUF_BUFG |                                                                           | Math_3D/div3/ff3/FloattoFixer/U0/i_synth/FLT_TO_FIX_OP.SPD.OP/ALIGN_SHIFT/MUX_LOOP[1].SKEW_DIST_DEL.DEL_DIST/i_pipe/opt_has_pipe.first_q_reg[1]_0 |                1 |              4 |
|  CLK_IBUF_BUFG | display/v_count[10]_i_1_n_0                                               |                                                                                                                                                   |                3 |              5 |
|  CLK_IBUF_BUFG |                                                                           | Math_3D/div3/ffer1/FixtoFloater/U0/i_synth/FIX_TO_FLT_OP.SPD.OP/LZE/ZERO_DET_CC_1/CHAIN_GEN[3].CARRYS_DEL.NEED_DEL.CARRYS_FD_0                    |                2 |              6 |
|  CLK_IBUF_BUFG |                                                                           | Math_3D/div3/ffer1/FixtoFloater/U0/i_synth/FIX_TO_FLT_OP.SPD.OP/LZE/ZERO_DET_CC_1/CARRYS_OUT[1]                                                   |                1 |              6 |
|  CLK_IBUF_BUFG |                                                                           | Math_3D/div8/ffer1/FixtoFloater/U0/i_synth/FIX_TO_FLT_OP.SPD.OP/LZE/ZERO_DET_CC_1/CARRYS_OUT[1]                                                   |                1 |              6 |
|  CLK_IBUF_BUFG |                                                                           | Math_3D/div1/ffer1/FixtoFloater/U0/i_synth/FIX_TO_FLT_OP.SPD.OP/LZE/ZERO_DET_CC_1/CARRYS_OUT[1]                                                   |                2 |              6 |
|  CLK_IBUF_BUFG |                                                                           | Math_3D/div1/ffer1/FixtoFloater/U0/i_synth/FIX_TO_FLT_OP.SPD.OP/LZE/ZERO_DET_CC_1/CHAIN_GEN[3].CARRYS_DEL.NEED_DEL.CARRYS_FD_0                    |                1 |              6 |
|  CLK_IBUF_BUFG |                                                                           | Math_3D/div4/ffer1/FixtoFloater/U0/i_synth/FIX_TO_FLT_OP.SPD.OP/LZE/ZERO_DET_CC_1/CHAIN_GEN[3].CARRYS_DEL.NEED_DEL.CARRYS_FD_0                    |                1 |              6 |
|  CLK_IBUF_BUFG |                                                                           | Math_3D/div4/ffer1/FixtoFloater/U0/i_synth/FIX_TO_FLT_OP.SPD.OP/LZE/ZERO_DET_CC_1/CARRYS_OUT[1]                                                   |                2 |              6 |
|  CLK_IBUF_BUFG |                                                                           | Math_3D/div5/ffer1/FixtoFloater/U0/i_synth/FIX_TO_FLT_OP.SPD.OP/LZE/ZERO_DET_CC_1/CARRYS_OUT[1]                                                   |                2 |              6 |
|  CLK_IBUF_BUFG |                                                                           | Math_3D/div2/ffer1/FixtoFloater/U0/i_synth/FIX_TO_FLT_OP.SPD.OP/LZE/ZERO_DET_CC_1/CHAIN_GEN[3].CARRYS_DEL.NEED_DEL.CARRYS_FD_0                    |                2 |              6 |
|  CLK_IBUF_BUFG |                                                                           | Math_3D/div5/ffer1/FixtoFloater/U0/i_synth/FIX_TO_FLT_OP.SPD.OP/LZE/ZERO_DET_CC_1/CHAIN_GEN[3].CARRYS_DEL.NEED_DEL.CARRYS_FD_0                    |                1 |              6 |
|  CLK_IBUF_BUFG |                                                                           | Math_3D/div6/ffer1/FixtoFloater/U0/i_synth/FIX_TO_FLT_OP.SPD.OP/LZE/ZERO_DET_CC_1/CHAIN_GEN[3].CARRYS_DEL.NEED_DEL.CARRYS_FD_0                    |                1 |              6 |
|  CLK_IBUF_BUFG |                                                                           | Math_3D/div6/ffer1/FixtoFloater/U0/i_synth/FIX_TO_FLT_OP.SPD.OP/LZE/ZERO_DET_CC_1/CARRYS_OUT[1]                                                   |                2 |              6 |
|  CLK_IBUF_BUFG |                                                                           | Math_3D/div7/ffer1/FixtoFloater/U0/i_synth/FIX_TO_FLT_OP.SPD.OP/LZE/ZERO_DET_CC_1/CARRYS_OUT[1]                                                   |                1 |              6 |
|  CLK_IBUF_BUFG |                                                                           | Math_3D/div7/ffer1/FixtoFloater/U0/i_synth/FIX_TO_FLT_OP.SPD.OP/LZE/ZERO_DET_CC_1/CHAIN_GEN[3].CARRYS_DEL.NEED_DEL.CARRYS_FD_0                    |                1 |              6 |
|  CLK_IBUF_BUFG | display/v_count[10]_i_1_n_0                                               | display/v_count[5]_i_1_n_0                                                                                                                        |                2 |              6 |
|  CLK_IBUF_BUFG |                                                                           | Math_3D/div2/ffer1/FixtoFloater/U0/i_synth/FIX_TO_FLT_OP.SPD.OP/LZE/ZERO_DET_CC_1/CARRYS_OUT[1]                                                   |                2 |              6 |
|  CLK_IBUF_BUFG |                                                                           | Math_3D/div8/ffer1/FixtoFloater/U0/i_synth/FIX_TO_FLT_OP.SPD.OP/LZE/ZERO_DET_CC_1/CHAIN_GEN[3].CARRYS_DEL.NEED_DEL.CARRYS_FD_0                    |                2 |              6 |
|  CLK_IBUF_BUFG |                                                                           | Math_3D/div1/diver/U0/i_synth/DIV_OP.SPD.OP/EXP/STATE_DEC_DELAY/i_pipe/opt_has_pipe.first_q_reg[5]_0[1]                                           |                1 |              7 |
|  CLK_IBUF_BUFG |                                                                           | Math_3D/div8/diver/U0/i_synth/DIV_OP.SPD.OP/EXP/STATE_DEC_DELAY/i_pipe/opt_has_pipe.first_q_reg[5]_0[1]                                           |                2 |              7 |
|  CLK_IBUF_BUFG |                                                                           | Math_3D/div3/diver/U0/i_synth/DIV_OP.SPD.OP/EXP/STATE_DEC_DELAY/i_pipe/opt_has_pipe.first_q_reg[5]_0[1]                                           |                1 |              7 |
|  CLK_IBUF_BUFG |                                                                           | Math_3D/div2/diver/U0/i_synth/DIV_OP.SPD.OP/EXP/STATE_DEC_DELAY/i_pipe/opt_has_pipe.first_q_reg[5]_0[1]                                           |                1 |              7 |
|  CLK_IBUF_BUFG |                                                                           | Math_3D/div5/diver/U0/i_synth/DIV_OP.SPD.OP/EXP/STATE_DEC_DELAY/i_pipe/opt_has_pipe.first_q_reg[5]_0[1]                                           |                1 |              7 |
|  CLK_IBUF_BUFG |                                                                           | Math_3D/div6/diver/U0/i_synth/DIV_OP.SPD.OP/EXP/STATE_DEC_DELAY/i_pipe/opt_has_pipe.first_q_reg[5]_0[1]                                           |                1 |              7 |
|  CLK_IBUF_BUFG |                                                                           | Math_3D/div4/diver/U0/i_synth/DIV_OP.SPD.OP/EXP/STATE_DEC_DELAY/i_pipe/opt_has_pipe.first_q_reg[5]_0[1]                                           |                3 |              7 |
|  CLK_IBUF_BUFG |                                                                           | Math_3D/div7/diver/U0/i_synth/DIV_OP.SPD.OP/EXP/STATE_DEC_DELAY/i_pipe/opt_has_pipe.first_q_reg[5]_0[1]                                           |                1 |              7 |
|  CLK_IBUF_BUFG |                                                                           | Math_3D/div2/ffer2/FixtoFloater/U0/i_synth/FIX_TO_FLT_OP.SPD.OP/LZE/ZERO_DET_CC_1/CARRYS_OUT[1]                                                   |                1 |              8 |
|  CLK_IBUF_BUFG |                                                                           | Math_3D/div7/ff3/FloattoFixer/U0/i_synth/FLT_TO_FIX_OP.SPD.OP/ALIGN_DIST_DEL/DEL/i_pipe/shifted_temp[0]                                           |                2 |              8 |
|  CLK_IBUF_BUFG |                                                                           | Math_3D/div3/ffer2/FixtoFloater/U0/i_synth/FIX_TO_FLT_OP.SPD.OP/LZE/ZERO_DET_CC_1/CHAIN_GEN[3].CARRYS_DEL.NEED_DEL.CARRYS_FD_0                    |                2 |              8 |
|  CLK_IBUF_BUFG |                                                                           | Math_3D/div3/ffer2/FixtoFloater/U0/i_synth/FIX_TO_FLT_OP.SPD.OP/LZE/ZERO_DET_CC_1/CARRYS_OUT[1]                                                   |                2 |              8 |
|  CLK_IBUF_BUFG |                                                                           | Math_3D/div2/ffer2/FixtoFloater/U0/i_synth/FIX_TO_FLT_OP.SPD.OP/LZE/ZERO_DET_CC_1/CHAIN_GEN[3].CARRYS_DEL.NEED_DEL.CARRYS_FD_0                    |                2 |              8 |
|  CLK_IBUF_BUFG |                                                                           | Math_3D/div1/ffer2/FixtoFloater/U0/i_synth/FIX_TO_FLT_OP.SPD.OP/LZE/ZERO_DET_CC_1/CARRYS_OUT[1]                                                   |                1 |              8 |
|  CLK_IBUF_BUFG |                                                                           | Math_3D/div1/ffer2/FixtoFloater/U0/i_synth/FIX_TO_FLT_OP.SPD.OP/LZE/ZERO_DET_CC_1/CHAIN_GEN[3].CARRYS_DEL.NEED_DEL.CARRYS_FD_0                    |                2 |              8 |
|  CLK_IBUF_BUFG |                                                                           | Math_3D/div5/ff3/FloattoFixer/U0/i_synth/FLT_TO_FIX_OP.SPD.OP/ALIGN_DIST_DEL/DEL/i_pipe/shifted_temp[0]                                           |                2 |              8 |
|  CLK_IBUF_BUFG |                                                                           | Math_3D/div7/ffer2/FixtoFloater/U0/i_synth/FIX_TO_FLT_OP.SPD.OP/LZE/ZERO_DET_CC_1/CHAIN_GEN[3].CARRYS_DEL.NEED_DEL.CARRYS_FD_0                    |                1 |              8 |
|  CLK_IBUF_BUFG |                                                                           | Math_3D/div7/ffer2/FixtoFloater/U0/i_synth/FIX_TO_FLT_OP.SPD.OP/LZE/ZERO_DET_CC_1/CARRYS_OUT[1]                                                   |                1 |              8 |
|  CLK_IBUF_BUFG |                                                                           | Math_3D/div3/ff3/FloattoFixer/U0/i_synth/FLT_TO_FIX_OP.SPD.OP/ALIGN_DIST_DEL/DEL/i_pipe/shifted_temp[0]                                           |                4 |              8 |
|  CLK_IBUF_BUFG |                                                                           | Math_3D/div4/ff3/FloattoFixer/U0/i_synth/FLT_TO_FIX_OP.SPD.OP/ALIGN_DIST_DEL/DEL/i_pipe/shifted_temp[0]                                           |                2 |              8 |
|  CLK_IBUF_BUFG |                                                                           | Math_3D/div8/ff3/FloattoFixer/U0/i_synth/FLT_TO_FIX_OP.SPD.OP/ALIGN_DIST_DEL/DEL/i_pipe/shifted_temp[0]                                           |                2 |              8 |
|  CLK_IBUF_BUFG |                                                                           | Math_3D/div8/ffer2/FixtoFloater/U0/i_synth/FIX_TO_FLT_OP.SPD.OP/LZE/ZERO_DET_CC_1/CHAIN_GEN[3].CARRYS_DEL.NEED_DEL.CARRYS_FD_0                    |                1 |              8 |
|  CLK_IBUF_BUFG |                                                                           | Math_3D/div1/ff3/FloattoFixer/U0/i_synth/FLT_TO_FIX_OP.SPD.OP/ALIGN_DIST_DEL/DEL/i_pipe/shifted_temp[0]                                           |                1 |              8 |
|  CLK_IBUF_BUFG |                                                                           | Math_3D/div8/ffer2/FixtoFloater/U0/i_synth/FIX_TO_FLT_OP.SPD.OP/LZE/ZERO_DET_CC_1/CARRYS_OUT[1]                                                   |                2 |              8 |
|  CLK_IBUF_BUFG |                                                                           | Math_3D/div4/ffer2/FixtoFloater/U0/i_synth/FIX_TO_FLT_OP.SPD.OP/LZE/ZERO_DET_CC_1/CARRYS_OUT[1]                                                   |                2 |              8 |
|  CLK_IBUF_BUFG |                                                                           | Math_3D/div5/ffer2/FixtoFloater/U0/i_synth/FIX_TO_FLT_OP.SPD.OP/LZE/ZERO_DET_CC_1/CHAIN_GEN[3].CARRYS_DEL.NEED_DEL.CARRYS_FD_0                    |                2 |              8 |
|  CLK_IBUF_BUFG |                                                                           | Math_3D/div5/ffer2/FixtoFloater/U0/i_synth/FIX_TO_FLT_OP.SPD.OP/LZE/ZERO_DET_CC_1/CARRYS_OUT[1]                                                   |                2 |              8 |
|  CLK_IBUF_BUFG |                                                                           | Math_3D/div4/ffer2/FixtoFloater/U0/i_synth/FIX_TO_FLT_OP.SPD.OP/LZE/ZERO_DET_CC_1/CHAIN_GEN[3].CARRYS_DEL.NEED_DEL.CARRYS_FD_0                    |                2 |              8 |
|  CLK_IBUF_BUFG |                                                                           | Math_3D/div6/ff3/FloattoFixer/U0/i_synth/FLT_TO_FIX_OP.SPD.OP/ALIGN_DIST_DEL/DEL/i_pipe/shifted_temp[0]                                           |                5 |              8 |
|  CLK_IBUF_BUFG |                                                                           | Math_3D/div6/ffer2/FixtoFloater/U0/i_synth/FIX_TO_FLT_OP.SPD.OP/LZE/ZERO_DET_CC_1/CHAIN_GEN[3].CARRYS_DEL.NEED_DEL.CARRYS_FD_0                    |                2 |              8 |
|  CLK_IBUF_BUFG |                                                                           | Math_3D/div6/ffer2/FixtoFloater/U0/i_synth/FIX_TO_FLT_OP.SPD.OP/LZE/ZERO_DET_CC_1/CARRYS_OUT[1]                                                   |                1 |              8 |
|  CLK_IBUF_BUFG |                                                                           | Math_3D/div2/ff3/FloattoFixer/U0/i_synth/FLT_TO_FIX_OP.SPD.OP/ALIGN_DIST_DEL/DEL/i_pipe/shifted_temp[0]                                           |                1 |              8 |
|  CLK_IBUF_BUFG | pos_camera_dx[22]_i_1_n_0                                                 | pos_camera_dx[31]_i_1_n_0                                                                                                                         |                3 |              9 |
|  CLK_IBUF_BUFG | pix_stb                                                                   | display/h_count                                                                                                                                   |                9 |             11 |
|  CLK_IBUF_BUFG | RGBData_i_1_n_0                                                           |                                                                                                                                                   |                5 |             12 |
|  CLK_IBUF_BUFG | pos_camera_dx[22]_i_1_n_0                                                 |                                                                                                                                                   |                2 |             12 |
|  CLK_IBUF_BUFG | Angle[18]_i_1_n_0                                                         | Angle[31]_i_1_n_0                                                                                                                                 |                4 |             13 |
|  CLK_IBUF_BUFG |                                                                           | Math_3D/div7/ff3/FloattoFixer/U0/i_synth/FLT_TO_FIX_OP.SPD.OP/ALIGN_DIST_DEL/DEL/i_pipe/Q[1]                                                      |                5 |             16 |
|  CLK_IBUF_BUFG |                                                                           | Math_3D/div4/ff3/FloattoFixer/U0/i_synth/FLT_TO_FIX_OP.SPD.OP/ALIGN_DIST_DEL/DEL/i_pipe/Q[1]                                                      |                7 |             16 |
|  CLK_IBUF_BUFG |                                                                           | Math_3D/div6/ff3/FloattoFixer/U0/i_synth/FLT_TO_FIX_OP.SPD.OP/ALIGN_DIST_DEL/DEL/i_pipe/Q[1]                                                      |               10 |             16 |
|  CLK_IBUF_BUFG |                                                                           | Math_3D/div2/ff3/FloattoFixer/U0/i_synth/FLT_TO_FIX_OP.SPD.OP/ALIGN_DIST_DEL/DEL/i_pipe/Q[1]                                                      |                6 |             16 |
|  CLK_IBUF_BUFG |                                                                           | Math_3D/div1/ff3/FloattoFixer/U0/i_synth/FLT_TO_FIX_OP.SPD.OP/ALIGN_DIST_DEL/DEL/i_pipe/Q[1]                                                      |                4 |             16 |
|  CLK_IBUF_BUFG |                                                                           | Math_3D/div5/ff3/FloattoFixer/U0/i_synth/FLT_TO_FIX_OP.SPD.OP/ALIGN_DIST_DEL/DEL/i_pipe/Q[1]                                                      |                6 |             16 |
|  CLK_IBUF_BUFG |                                                                           | Math_3D/div3/ff3/FloattoFixer/U0/i_synth/FLT_TO_FIX_OP.SPD.OP/ALIGN_DIST_DEL/DEL/i_pipe/Q[1]                                                      |                8 |             16 |
|  CLK_IBUF_BUFG | addra[15]_i_1_n_0                                                         |                                                                                                                                                   |                6 |             16 |
|  CLK_IBUF_BUFG |                                                                           | Math_3D/div8/ff3/FloattoFixer/U0/i_synth/FLT_TO_FIX_OP.SPD.OP/ALIGN_DIST_DEL/DEL/i_pipe/Q[1]                                                      |                6 |             16 |
|  CLK_IBUF_BUFG | Angle[18]_i_1_n_0                                                         |                                                                                                                                                   |                3 |             18 |
|  CLK_IBUF_BUFG |                                                                           | Math_3D/div1/diver/U0/i_synth/DIV_OP.SPD.OP/EXP/STATE_DEC_DELAY/i_pipe/opt_has_pipe.first_q_reg[5]_0[3]                                           |                4 |             22 |
|  CLK_IBUF_BUFG |                                                                           | Math_3D/div2/diver/U0/i_synth/DIV_OP.SPD.OP/EXP/STATE_DEC_DELAY/i_pipe/opt_has_pipe.first_q_reg[5]_0[3]                                           |                6 |             22 |
|  CLK_IBUF_BUFG |                                                                           | Math_3D/div3/diver/U0/i_synth/DIV_OP.SPD.OP/EXP/STATE_DEC_DELAY/i_pipe/opt_has_pipe.first_q_reg[5]_0[3]                                           |               12 |             22 |
|  CLK_IBUF_BUFG |                                                                           | Math_3D/div4/diver/U0/i_synth/DIV_OP.SPD.OP/EXP/STATE_DEC_DELAY/i_pipe/opt_has_pipe.first_q_reg[5]_0[3]                                           |               10 |             22 |
|  CLK_IBUF_BUFG |                                                                           | Math_3D/div6/diver/U0/i_synth/DIV_OP.SPD.OP/EXP/STATE_DEC_DELAY/i_pipe/opt_has_pipe.first_q_reg[5]_0[3]                                           |                8 |             22 |
|  CLK_IBUF_BUFG |                                                                           | Math_3D/div7/diver/U0/i_synth/DIV_OP.SPD.OP/EXP/STATE_DEC_DELAY/i_pipe/opt_has_pipe.first_q_reg[5]_0[3]                                           |               12 |             22 |
|  CLK_IBUF_BUFG |                                                                           | Math_3D/div5/diver/U0/i_synth/DIV_OP.SPD.OP/EXP/STATE_DEC_DELAY/i_pipe/opt_has_pipe.first_q_reg[5]_0[3]                                           |                7 |             22 |
|  CLK_IBUF_BUFG |                                                                           | Math_3D/div8/diver/U0/i_synth/DIV_OP.SPD.OP/EXP/STATE_DEC_DELAY/i_pipe/opt_has_pipe.first_q_reg[5]_0[3]                                           |                4 |             22 |
|  CLK_IBUF_BUFG |                                                                           | Math_3D/div5/ffer1/FixtoFloater/U0/i_synth/FIX_TO_FLT_OP.SPD.OP/EXP/ZERO_DELAY/i_pipe/op_state[0]                                                 |                4 |             23 |
|  CLK_IBUF_BUFG |                                                                           | Math_3D/div6/ffer1/FixtoFloater/U0/i_synth/FIX_TO_FLT_OP.SPD.OP/EXP/ZERO_DELAY/i_pipe/op_state[0]                                                 |               10 |             23 |
|  CLK_IBUF_BUFG |                                                                           | Math_3D/div8/ffer1/FixtoFloater/U0/i_synth/FIX_TO_FLT_OP.SPD.OP/EXP/ZERO_DELAY/i_pipe/op_state[0]                                                 |                6 |             23 |
|  CLK_IBUF_BUFG |                                                                           | Math_3D/div6/ffer2/FixtoFloater/U0/i_synth/FIX_TO_FLT_OP.SPD.OP/EXP/ZERO_DELAY/i_pipe/op_state[0]                                                 |                8 |             23 |
|  CLK_IBUF_BUFG |                                                                           | Math_3D/div7/ffer1/FixtoFloater/U0/i_synth/FIX_TO_FLT_OP.SPD.OP/EXP/ZERO_DELAY/i_pipe/op_state[0]                                                 |                5 |             23 |
|  CLK_IBUF_BUFG |                                                                           | Math_3D/div8/ffer2/FixtoFloater/U0/i_synth/FIX_TO_FLT_OP.SPD.OP/EXP/ZERO_DELAY/i_pipe/op_state[0]                                                 |                5 |             23 |
|  CLK_IBUF_BUFG |                                                                           | Math_3D/div1/ffer1/FixtoFloater/U0/i_synth/FIX_TO_FLT_OP.SPD.OP/EXP/ZERO_DELAY/i_pipe/op_state[0]                                                 |                9 |             23 |
|  CLK_IBUF_BUFG |                                                                           | Math_3D/div7/ffer2/FixtoFloater/U0/i_synth/FIX_TO_FLT_OP.SPD.OP/EXP/ZERO_DELAY/i_pipe/op_state[0]                                                 |                4 |             23 |
|  CLK_IBUF_BUFG |                                                                           | Math_3D/div1/ffer2/FixtoFloater/U0/i_synth/FIX_TO_FLT_OP.SPD.OP/EXP/ZERO_DELAY/i_pipe/op_state[0]                                                 |                7 |             23 |
|  CLK_IBUF_BUFG |                                                                           | Math_3D/div5/ffer2/FixtoFloater/U0/i_synth/FIX_TO_FLT_OP.SPD.OP/EXP/ZERO_DELAY/i_pipe/op_state[0]                                                 |                4 |             23 |
|  CLK_IBUF_BUFG |                                                                           | Math_3D/div2/ffer1/FixtoFloater/U0/i_synth/FIX_TO_FLT_OP.SPD.OP/EXP/ZERO_DELAY/i_pipe/op_state[0]                                                 |                3 |             23 |
|  CLK_IBUF_BUFG |                                                                           | Math_3D/div4/ffer1/FixtoFloater/U0/i_synth/FIX_TO_FLT_OP.SPD.OP/EXP/ZERO_DELAY/i_pipe/op_state[0]                                                 |                3 |             23 |
|  CLK_IBUF_BUFG |                                                                           | Math_3D/div4/ffer2/FixtoFloater/U0/i_synth/FIX_TO_FLT_OP.SPD.OP/EXP/ZERO_DELAY/i_pipe/op_state[0]                                                 |                4 |             23 |
|  CLK_IBUF_BUFG |                                                                           | Math_3D/div2/ffer2/FixtoFloater/U0/i_synth/FIX_TO_FLT_OP.SPD.OP/EXP/ZERO_DELAY/i_pipe/op_state[0]                                                 |                7 |             23 |
|  CLK_IBUF_BUFG |                                                                           | Math_3D/div3/ffer2/FixtoFloater/U0/i_synth/FIX_TO_FLT_OP.SPD.OP/EXP/ZERO_DELAY/i_pipe/op_state[0]                                                 |                4 |             23 |
|  CLK_IBUF_BUFG |                                                                           | Math_3D/div3/ffer1/FixtoFloater/U0/i_synth/FIX_TO_FLT_OP.SPD.OP/EXP/ZERO_DELAY/i_pipe/op_state[0]                                                 |                5 |             23 |
|  CLK_IBUF_BUFG |                                                                           | Math_3D/div7/ff3/FloattoFixer/U0/i_synth/FLT_TO_FIX_OP.SPD.OP/OP_STATE_P1_REG/i_pipe/op_state_pcntrl[0]                                           |                4 |             31 |
|  CLK_IBUF_BUFG |                                                                           | Math_3D/div3/ff3/FloattoFixer/U0/i_synth/FLT_TO_FIX_OP.SPD.OP/OP_STATE_P1_REG/i_pipe/op_state_pcntrl[0]                                           |                6 |             31 |
|  CLK_IBUF_BUFG |                                                                           | Math_3D/div2/ff3/FloattoFixer/U0/i_synth/FLT_TO_FIX_OP.SPD.OP/OP_STATE_P1_REG/i_pipe/op_state_pcntrl[0]                                           |                5 |             31 |
|  CLK_IBUF_BUFG |                                                                           | Math_3D/div5/ff3/FloattoFixer/U0/i_synth/FLT_TO_FIX_OP.SPD.OP/OP_STATE_P1_REG/i_pipe/op_state_pcntrl[0]                                           |               12 |             31 |
|  CLK_IBUF_BUFG |                                                                           | Math_3D/div1/ff3/FloattoFixer/U0/i_synth/FLT_TO_FIX_OP.SPD.OP/OP_STATE_P1_REG/i_pipe/op_state_pcntrl[0]                                           |                9 |             31 |
|  CLK_IBUF_BUFG |                                                                           | Math_3D/div8/ff3/FloattoFixer/U0/i_synth/FLT_TO_FIX_OP.SPD.OP/OP_STATE_P1_REG/i_pipe/op_state_pcntrl[0]                                           |                6 |             31 |
|  CLK_IBUF_BUFG |                                                                           | Math_3D/div6/ff3/FloattoFixer/U0/i_synth/FLT_TO_FIX_OP.SPD.OP/OP_STATE_P1_REG/i_pipe/op_state_pcntrl[0]                                           |                5 |             31 |
|  CLK_IBUF_BUFG |                                                                           | Math_3D/div4/ff3/FloattoFixer/U0/i_synth/FLT_TO_FIX_OP.SPD.OP/OP_STATE_P1_REG/i_pipe/op_state_pcntrl[0]                                           |                8 |             31 |
|  CLK_IBUF_BUFG | err[31]_i_1_n_0                                                           |                                                                                                                                                   |                8 |             32 |
|  CLK_IBUF_BUFG | sel                                                                       |                                                                                                                                                   |                8 |             32 |
|  CLK_IBUF_BUFG | x0[0]_i_1_n_0                                                             |                                                                                                                                                   |                8 |             32 |
|  CLK_IBUF_BUFG | Math_3D/div7/ff3/FloattoFixer/U0/i_synth/i_nd_to_rdy/m_axis_result_tvalid |                                                                                                                                                   |               16 |             35 |
|  CLK_IBUF_BUFG | Math_3D/div8/ff3/FloattoFixer/U0/i_synth/i_nd_to_rdy/m_axis_result_tvalid |                                                                                                                                                   |               19 |             35 |
|  CLK_IBUF_BUFG | Math_3D/div1/ff3/FloattoFixer/U0/i_synth/i_nd_to_rdy/m_axis_result_tvalid |                                                                                                                                                   |               20 |             35 |
|  CLK_IBUF_BUFG | Math_3D/div2/ff3/FloattoFixer/U0/i_synth/i_nd_to_rdy/m_axis_result_tvalid |                                                                                                                                                   |               17 |             35 |
|  CLK_IBUF_BUFG | Math_3D/div3/ff3/FloattoFixer/U0/i_synth/i_nd_to_rdy/m_axis_result_tvalid |                                                                                                                                                   |               17 |             35 |
|  CLK_IBUF_BUFG | Math_3D/div4/ff3/FloattoFixer/U0/i_synth/i_nd_to_rdy/m_axis_result_tvalid |                                                                                                                                                   |               22 |             35 |
|  CLK_IBUF_BUFG | Math_3D/div5/ff3/FloattoFixer/U0/i_synth/i_nd_to_rdy/m_axis_result_tvalid |                                                                                                                                                   |               18 |             35 |
|  CLK_IBUF_BUFG | Math_3D/div6/ff3/FloattoFixer/U0/i_synth/i_nd_to_rdy/m_axis_result_tvalid |                                                                                                                                                   |               21 |             35 |
|  CLK_IBUF_BUFG | dy[31]_i_1_n_0                                                            |                                                                                                                                                   |               26 |             64 |
|  CLK_IBUF_BUFG | pointY[7][14]_i_1_n_0                                                     |                                                                                                                                                   |               64 |            240 |
|  CLK_IBUF_BUFG |                                                                           |                                                                                                                                                   |             3361 |          15132 |
+----------------+---------------------------------------------------------------------------+---------------------------------------------------------------------------------------------------------------------------------------------------+------------------+----------------+


